day2
why do we need git?
think u code and second day third day do the same. think u code third day and the project stop working because of some line in third day and need to remove and back to 2nd or third day version this is important virsion tracking and we can control the version and track newly added lines

also I code and others from diff country or diff places collaboration and do the same priject work remotely adding new line and needed collaboration 

we can do the things usung git  and many others version control systems are - gitlab. beanstalk, perforce bitbucket 70% dev use git
what is git?
teams-robin, anis alex. suppose I create a remote folder or repository using online so that team can enter the project folder host but team uses local directory clone the repo how github folder dump to local pc using git 
what is github?
git vs github?
github is a service give us hosting
git is a software, change control, version control lacally installed use 
git 
more on git and github?

day3-
env setup and configaration
dowload git from online

git --version

configure:
git config --global user.name 'nizam-uddin'
git config --global user.email 'uddinahmednizam@gmail.com'

global configuration
see the cinfiguartion

git config --list
change the configuration
git config --global user.name 'hello-world'

git config user.name
git config user.email

local seetings:


day-4
create git folder and create file there

working dir/ workspace
stagging area/index
local repository


mkdir notes
cd notes
ls -a

git init in the notes folder 
ls -a then we see the files/folder

create files

touch day1.txt
echo
open day1.txt
write somthings 
ls -a display the files

track/ untrack
we create a file and we donot move it to the stagging area then the file is in untracked
git status see the state i.e. the file is track or untrack

pwd (present working directory)
ls (see the dir of the pwd)
git status


day5--
git staging and git unstaging

git add filename
git add -A [A is the short of all changes file in directory and subdirectory]
git add . -. stage all changes file but not subdirectory

wilcards-- git add *.js, git **/*js
git diff
git restore


unstaging 

git rm --catched day1.txt

day 6--
 

practice

day7--

git commit is use to move file from staged area to local repo
if we want to push file to remote then first move it to lacal
we can do it by 
git commit -m 'message'
git log




uncommit command:(undo commit, undo commit and removing, complete undoing from the last commit)
git reset --soft HEAD^
git reset HEAD^
git reset --hard HEAD^


day 8
HEAD, commit

git log --oneline
git show to see the commit deatils 
git show id/ head
git checkout/ git checkout master  ?? git clean HW

day9






.gitignore
	test.txt
	.env
	*.txt
	!main.txt
	test?.txt (test1, test2, test3...)
	temp/
	


day11
git repository and commit
github gui--

markdown file:

what and why markdown ?
- create a project summary about the project.
how do make a comment? we can use html syntex in md file

just writting the text to show or html format  double space for new line
--- hipen for hr

heading #, ##, ### so on 

paragraph 

italic start and end _
strong or bold __
striketrough ~
inline code ``
multi line ``language name ` ```

list: order list 1. 2. 3. ...
ul - 


for nested tab+
task list:- []
link: automatic link for disable link ``
[title](link)


[]: http://techedu.gov.bd

image: ![alt text](image link./images/img)
also can do with html
table: pipe symble








PS C:\Users\DTE-LAPC-128-21\Desktop\data-science> git --version   
git : The term 'git' is not recognized as the name of a cmdlet, function, script file, or operable program. Check the 
spelling of the name, or if a path was included, verify that the path is correct and try again.
At line:1 char:1
+ git --version
+ ~~~
    + CategoryInfo          : ObjectNotFound: (git:String) [], CommandNotFoundException
    + FullyQualifiedErrorId : CommandNotFoundException
 
PS C:\Users\DTE-LAPC-128-21\Desktop\data-science> git --version
git : The term 'git' is not recognized as the name of a cmdlet, function, script file, or operable program. Check the 
spelling of the name, or if a path was included, verify that the path is correct and try again.
At line:1 char:1
+ git --version
+ ~~~
    + CategoryInfo          : ObjectNotFound: (git:String) [], CommandNotFoundException
    + FullyQualifiedErrorId : CommandNotFoundException

PS C:\Users\DTE-LAPC-128-21\Desktop\data-science>
 *  History restored 

PS C:\Users\DTE-LAPC-128-21\Desktop\data-science> git..
git.. : The term 'git..' is not recognized as the name of a cmdlet, function, script file, or operable program. Check 
the spelling of the name, or if a path was included, verify that the path is correct and try again.
At line:1 char:1
+ git..
+ ~~~~~
    + CategoryInfo          : ObjectNotFound: (git..:String) [], CommandNotFoundException
    + FullyQualifiedErrorId : CommandNotFoundException

PS C:\Users\DTE-LAPC-128-21\Desktop\data-science> cd ..
PS C:\Users\DTE-LAPC-128-21\Desktop> cd..
PS C:\Users\DTE-LAPC-128-21> git --version
git version 2.40.1.windows.1
PS C:\Users\DTE-LAPC-128-21> git config --global user.name nizambd310
PS C:\Users\DTE-LAPC-128-21> git config --global user.email uddinahmednizam@gmail.com
PS C:\Users\DTE-LAPC-128-21> git global user.name
git: 'global' is not a git command. See 'git --help'.
PS C:\Users\DTE-LAPC-128-21> git --global user.name
unknown option: --global
usage: git [-v | --version] [-h | --help] [-C <path>] [-c <name>=<value>]
           [--exec-path[=<path>]] [--html-path] [--man-path] [--info-path]
           [-p | --paginate | -P | --no-pager] [--no-replace-objects] [--bare]
           [--git-dir=<path>] [--work-tree=<path>] [--namespace=<name>]
           [--config-env=<name>=<envvar>] <command> [<args>]
PS C:\Users\DTE-LAPC-128-21> git user.name
git: 'user.name' is not a git command. See 'git --help'.
PS C:\Users\DTE-LAPC-128-21> git config user.name
nizambd310
PS C:\Users\DTE-LAPC-128-21> git config user.email
uddinahmednizam@gmail.com
PS C:\Users\DTE-LAPC-128-21> git status
warning: could not open directory 'Application Data/': Permission denied
warning: could not open directory 'Cookies/': Permission denied
warning: could not open directory 'Local Settings/': Permission denied
warning: could not open directory 'My Documents/': Permission denied
warning: could not open directory 'NetHood/': Permission denied
warning: could not open directory 'PrintHood/': Permission denied
warning: could not open directory 'Recent/': Permission denied
warning: could not open directory 'SendTo/': Permission denied
warning: could not open directory 'Start Menu/': Permission denied
warning: could not open directory 'Templates/': Permission denied
On branch master

No commits yet

Untracked files:
  (use "git add <file>..." to include in what will be committed)
        .bash_history
        .conda/
        .condarc
        .continuum/
        .docker/
        .gitconfig
        .ipython/
        .jupyter/
        .keras/
        .lesshst
        .matplotlib/
        .popsql.json
        .vscode/
        3D Objects/
        AppData/
        Contacts/
        Desktop/
        Documents/
        Downloads/
        Favorites/
        IntelGraphicsProfiles/
        Links/
        Microsoft/
        Music/
        NTUSER.DAT
        NTUSER.DAT{a2332f18-cdbf-11ec-8680-002248483d79}.TM.blf
        NTUSER.DAT{a2332f18-cdbf-11ec-8680-002248483d79}.TMContainer00000000000000000001.regtrans-ms
        NTUSER.DAT{a2332f18-cdbf-11ec-8680-002248483d79}.TMContainer00000000000000000002.regtrans-ms
        OneDrive/
        Pictures/
        PycharmProjects/
        Saved Games/
        Searches/
        Videos/
        anaconda3/
        ntuser.dat.LOG1
        ntuser.dat.LOG2
        ntuser.ini
        repo-demo/
        scikit_learn_data/
        seaborn-data/

nothing added to commit but untracked files present (use "git add" to track)
PS C:\Users\DTE-LAPC-128-21> git init
Reinitialized existing Git repository in C:/Users/DTE-LAPC-128-21/.git/
PS C:\Users\DTE-LAPC-128-21> cd desktop
PS C:\Users\DTE-LAPC-128-21\desktop> cd data-science
PS C:\Users\DTE-LAPC-128-21\desktop\data-science> git init
Initialized empty Git repository in C:/Users/DTE-LAPC-128-21/Desktop/data-science/.git/
PS C:\Users\DTE-LAPC-128-21\desktop\data-science> ls -a
Get-ChildItem : Parameter cannot be processed because the parameter name 'a' is ambiguous. Possible matches include: 
-Attributes -Directory -File -Hidden -ReadOnly -System.
At line:1 char:4
+ ls -a
+    ~~
    + CategoryInfo          : InvalidArgument: (:) [Get-ChildItem], ParameterBindingException
    + FullyQualifiedErrorId : AmbiguousParameter,Microsoft.PowerShell.Commands.GetChildItemCommand

PS C:\Users\DTE-LAPC-128-21\desktop\data-science> ls
PS C:\Users\DTE-LAPC-128-21\desktop\data-science> ls -a
Get-ChildItem : Parameter cannot be processed because the parameter name 'a' is ambiguous. Possible matches include: 
-Attributes -Directory -File -Hidden -ReadOnly -System.
At line:1 char:4
+ ls -a
+    ~~
    + CategoryInfo          : InvalidArgument: (:) [Get-ChildItem], ParameterBindingException
    + FullyQualifiedErrorId : AmbiguousParameter,Microsoft.PowerShell.Commands.GetChildItemCommand

PS C:\Users\DTE-LAPC-128-21\desktop\data-science> git add .
PS C:\Users\DTE-LAPC-128-21\desktop\data-science> git status
On branch master

No commits yet

nothing to commit (create/copy files and use "git add" to track)
PS C:\Users\DTE-LAPC-128-21\desktop\data-science> git commit
On branch master

Initial commit

nothing to commit (create/copy files and use "git add" to track)
PS C:\Users\DTE-LAPC-128-21\desktop\data-science> git add remote https://github.com/nizambd310/data-science.git
fatal: pathspec 'remote' did not match any files
PS C:\Users\DTE-LAPC-128-21\desktop\data-science> git remote add origin https://github.com/nizambd310/data-science.git
PS C:\Users\DTE-LAPC-128-21\desktop\data-science> git push -u origin master
error: src refspec master does not match any
error: failed to push some refs to 'https://github.com/nizambd310/data-science.git'
PS C:\Users\DTE-LAPC-128-21\desktop\data-science> git push -u master
error: src refspec refs/heads/master does not match any
error: failed to push some refs to 'master'
PS C:\Users\DTE-LAPC-128-21\desktop\data-science> git push -u origin master
error: src refspec master does not match any
error: failed to push some refs to 'https://github.com/nizambd310/data-science.git'
PS C:\Users\DTE-LAPC-128-21\desktop\data-science> git pull 'https://github.com/nizambd310/data-science.git'
remote: Enumerating objects: 6, done.
remote: Counting objects: 100% (6/6), done.
remote: Compressing objects: 100% (4/4), done.
remote: Total 6 (delta 0), reused 0 (delta 0), pack-reused 0
Unpacking objects: 100% (6/6), 1.29 KiB | 17.00 KiB/s, done.
From https://github.com/nizambd310/data-science
 * branch            HEAD       -> FETCH_HEAD
PS C:\Users\DTE-LAPC-128-21\desktop\data-science> git status
On branch master
nothing to commit, working tree clean
PS C:\Users\DTE-LAPC-128-21\desktop\data-science> git add .
PS C:\Users\DTE-LAPC-128-21\desktop\data-science> git push -u origin master
info: please complete authentication in your browser...
Everything up-to-date
branch 'master' set up to track 'origin/master'.
PS C:\Users\DTE-LAPC-128-21\desktop\data-science> git push -u origin master
Enumerating objects: 4, done.
Counting objects: 100% (4/4), done.
Delta compression using up to 8 threads
Compressing objects: 100% (3/3), done.
Writing objects: 100% (3/3), 502 bytes | 502.00 KiB/s, done.
Total 3 (delta 0), reused 0 (delta 0), pack-reused 0
To https://github.com/nizambd310/data-science.git
   904d3b1..114af75  master -> master
branch 'master' set up to track 'origin/master'.
PS C:\Users\DTE-LAPC-128-21\desktop\data-science> 











































